Collecting onnxruntime==1.20.1
  Using cached onnxruntime-1.20.1-cp312-cp312-win_amd64.whl.metadata (4.7 kB)
Collecting scikit-learn==1.8
  Using cached scikit_learn-1.8.0-cp312-cp312-win_amd64.whl.metadata (11 kB)
Collecting skl2onnx==1.17.0
  Using cached skl2onnx-1.17.0-py2.py3-none-any.whl.metadata (3.2 kB)
Collecting onnx==1.17.0
  Using cached onnx-1.17.0-cp312-cp312-win_amd64.whl.metadata (16 kB)
Requirement already satisfied: joblib in d:\downloads\pureprot\experiments\.det_venvs\concordance\lib\site-packages (1.5.3)
Collecting coloredlogs (from onnxruntime==1.20.1)
  Using cached coloredlogs-15.0.1-py2.py3-none-any.whl.metadata (12 kB)
Requirement already satisfied: flatbuffers in d:\downloads\pureprot\experiments\.det_venvs\concordance\lib\site-packages (from onnxruntime==1.20.1) (25.12.19)
Requirement already satisfied: numpy>=1.21.6 in d:\downloads\pureprot\experiments\.det_venvs\concordance\lib\site-packages (from onnxruntime==1.20.1) (2.5.1)
Requirement already satisfied: packaging in d:\downloads\pureprot\experiments\.det_venvs\concordance\lib\site-packages (from onnxruntime==1.20.1) (26.2)
Requirement already satisfied: protobuf in d:\downloads\pureprot\experiments\.det_venvs\concordance\lib\site-packages (from onnxruntime==1.20.1) (7.35.1)
Requirement already satisfied: sympy in d:\downloads\pureprot\experiments\.det_venvs\concordance\lib\site-packages (from onnxruntime==1.20.1) (1.14.0)
Requirement already satisfied: scipy>=1.10.0 in d:\downloads\pureprot\experiments\.det_venvs\concordance\lib\site-packages (from scikit-learn==1.8) (1.18.0)
Requirement already satisfied: threadpoolctl>=3.2.0 in d:\downloads\pureprot\experiments\.det_venvs\concordance\lib\site-packages (from scikit-learn==1.8) (3.6.0)
Collecting onnxconverter-common>=1.7.0 (from skl2onnx==1.17.0)
  Using cached onnxconverter_common-1.16.0-py2.py3-none-any.whl.metadata (4.8 kB)
Collecting humanfriendly>=9.1 (from coloredlogs->onnxruntime==1.20.1)
  Using cached humanfriendly-10.0-py2.py3-none-any.whl.metadata (9.2 kB)
Requirement already satisfied: mpmath<1.4,>=1.1.0 in d:\downloads\pureprot\experiments\.det_venvs\concordance\lib\site-packages (from sympy->onnxruntime==1.20.1) (1.3.0)
Requirement already satisfied: pyreadline3 in d:\downloads\pureprot\experiments\.det_venvs\concordance\lib\site-packages (from humanfriendly>=9.1->coloredlogs->onnxruntime==1.20.1) (3.5.6)
Using cached onnxruntime-1.20.1-cp312-cp312-win_amd64.whl (11.3 MB)
Using cached scikit_learn-1.8.0-cp312-cp312-win_amd64.whl (8.0 MB)
Using cached skl2onnx-1.17.0-py2.py3-none-any.whl (298 kB)
Using cached onnx-1.17.0-cp312-cp312-win_amd64.whl (14.5 MB)
Using cached onnxconverter_common-1.16.0-py2.py3-none-any.whl (89 kB)
Using cached coloredlogs-15.0.1-py2.py3-none-any.whl (46 kB)
Using cached humanfriendly-10.0-py2.py3-none-any.whl (86 kB)
Installing collected packages: onnx, humanfriendly, scikit-learn, onnxconverter-common, coloredlogs, skl2onnx, onnxruntime
Successfully installed coloredlogs humanfriendly onnx onnxconverter-common onnxruntime scikit-learn skl2onnx
=== INSTALL DONE, running dtype ===
[dtype] representative model: CHEMBL1862_model.joblib
  reg_svr                  f32 max_diff=0.0001248723218161274  f64 max_diff=None
  reg_random_forest        f32 max_diff=None  f64 max_diff=None
  reg_gradient_boosting    f32 max_diff=None  f64 max_diff=None
  scaler                   f32 max_diff=1.6516124873078297e-05  f64 max_diff=0.0
[dtype] wrote D:\Downloads\PureProt\results\determinism\dtype_concordance.json
